// Jest Snapshot v1, https://goo.gl/fbAQLP

exports[`SettingsScreen renders correctly 1`] = `
ShallowWrapper {
  "length": 1,
  Symbol(enzyme.__root__): [Circular],
  Symbol(enzyme.__unrendered__): <Settings
    store={
        Object {
            "clearActions": [Function],
            "dispatch": [Function],
            "getActions": [Function],
            "getState": [Function],
            "replaceReducer": [Function],
            "subscribe": [Function],
          }
    }
/>,
  Symbol(enzyme.__renderer__): Object {
    "batchedUpdates": [Function],
    "getNode": [Function],
    "render": [Function],
    "simulateEvent": [Function],
    "unmount": [Function],
  },
  Symbol(enzyme.__node__): Object {
    "instance": null,
    "key": null,
    "nodeType": "class",
    "props": Object {
      "children": <Text
        accessible={true}
        allowFontScaling={true}
        disabled={false}
        ellipsizeMode="tail"
        testID="settings"
>
        [missing "en.settings.placeholder" translation]
</Text>,
      "style": Object {
        "backgroundColor": "#949494",
      },
    },
    "ref": null,
    "rendered": Object {
      "instance": null,
      "key": null,
      "nodeType": "class",
      "props": Object {
        "accessible": true,
        "allowFontScaling": true,
        "children": "[missing \\"en.settings.placeholder\\" translation]",
        "disabled": false,
        "ellipsizeMode": "tail",
        "testID": "settings",
      },
      "ref": null,
      "rendered": "[missing \\"en.settings.placeholder\\" translation]",
      "type": [Function],
    },
    "type": [Function],
  },
  Symbol(enzyme.__nodes__): Array [
    Object {
      "instance": null,
      "key": null,
      "nodeType": "class",
      "props": Object {
        "children": <Text
          accessible={true}
          allowFontScaling={true}
          disabled={false}
          ellipsizeMode="tail"
          testID="settings"
>
          [missing "en.settings.placeholder" translation]
</Text>,
        "style": Object {
          "backgroundColor": "#949494",
        },
      },
      "ref": null,
      "rendered": Object {
        "instance": null,
        "key": null,
        "nodeType": "class",
        "props": Object {
          "accessible": true,
          "allowFontScaling": true,
          "children": "[missing \\"en.settings.placeholder\\" translation]",
          "disabled": false,
          "ellipsizeMode": "tail",
          "testID": "settings",
        },
        "ref": null,
        "rendered": "[missing \\"en.settings.placeholder\\" translation]",
        "type": [Function],
      },
      "type": [Function],
    },
  ],
  Symbol(enzyme.__options__): Object {
    "adapter": ReactSixteenAdapter {
      "options": Object {
        "enableComponentDidUpdateOnSetState": true,
      },
    },
  },
}
`;
